Script started on Tue 27 Jan 2015 09:19:09 PM PST
~
tzick002@hammer $ cd Documents/rshell
~/Documents/rshell
tzick002@hammer $ make
if [ ! -d bin ]; then mkdir bin; fi
g++ -ansi -pedantic -Wall -Werror src/main.cpp -o bin/rshell
~/Documents/rshell
tzick002@hammer $ bin/rshell
tzick002@hammer $ #begin test cases
tzick002@hammer $ #test blank line
tzick002@hammer $ 
tzick002@hammer $ ls #comments work after commands or start of line
bin  LICENSE  Makefile	README.md  src	tests
tzick002@hammer $ ls#comment right after command
bin  LICENSE  Makefile	README.md  src	tests
tzick002@hammer $ ls			#comment
bin  LICENSE  Makefile	README.md  src	tests
tzick002@hammer $ ls -a #command with flag
.  ..  bin  .git  LICENSE  Makefile  README.md	src  tests
tzick002@hammer $ ls -a -a -a -a -a a-  -a -a a-  -a -a -a -a -a -a -a -a -a -a -a -a -a -a -a -a -a -a -a -a -a -a -a -a -a -a -a -a #command with lots of flags
.  ..  bin  .git  LICENSE  Makefile  README.md	src  tests
tzick002@hammer $ ls -a -s -l #command i with multiple differen  t flags
total 68
 4 drwx------ 6 tzick002 csmajs  4096 Jan 27 21:14 .
 4 drwx------ 7 tzick002 csmajs  4096 Jan 16 16:30 ..
 4 drwx------ 2 tzick002 csmajs  4096 Jan 27 21:16 bin
 4 drwx------ 8 tzick002 csmajs  4096 Jan 27 21:14 .git
36 -rw------- 1 tzick002 csmajs 35122 Jan 16 16:30 LICENSE
 4 -rw------- 1 tzick002 csmajs   210 Jan 23 23:49 Makefile
 4 -rw------- 1 tzick002 csmajs   907 Jan 27 21:13 README.md
 4 drwx------ 3 tzick002 csmajs  4096 Jan 27 20:22 src
 4 drwx------ 2 tzick002 csmajs  4096 Jan 27 21:15 tests
tzick002@hammer $ ;;;;;;;;;;;;;;;;;;;;;;;;;;;;;;;;;;;;;;;;;;;;;;;;;;;;;;;;;;;;;;;;;;;;;;;;;;;;;;;;;;;;;;;;;;;;;;;;;;;;;;;;;;;;;;;;; #line of all semi colons
tzick002@hammer $ ; #single e semi colon
tzick002@hammer $ ; ; ;;;;;;     ;;; ;; 			;; ;;  #semicolons spaces and tabs
tzick002@hammer $ ls;pwd;ls-  -a; echo test; #multiple commands on single line, and semi colon at end of line
bin  LICENSE  Makefile	README.md  src	tests
/home/csmajs/tzick002/Documents/rshell
.  ..  bin  .git  LICENSE  Makefile  README.md	src  tests
test
tzick002@hammer $ ls ; pwd ; ls -a ; echo test ; #same commands with spaces in between commann ds ans   d semicolons
bin  LICENSE  Makefile	README.md  src	tests
/home/csmajs/tzick002/Documents/rshell
.  ..  bin  .git  LICENSE  Makefile  README.md	src  tests
test
tzick002@hammer $ ls ;; ;; ;;; pwd ;; 	 ;; 	;	ls -a	; echo test #commands with extra semi colons spaces and tabs
bin  LICENSE  Makefile	README.md  src	tests
/home/csmajs/tzick002/Documents/rshell
.  ..  bin  .git  LICENSE  Makefile  README.md	src  tests
test
tzick002@hammer $ ls;ls;ls;ls;ls;ls;ls;ls;ls;ls;ls;ls;ls;ls;ls;ls;ls;ls;ls;ls;ls;ls;ls;ls;ls;ls;ls; #mann y commands single line
bin  LICENSE  Makefile	README.md  src	tests
bin  LICENSE  Makefile	README.md  src	tests
bin  LICENSE  Makefile	README.md  src	tests
bin  LICENSE  Makefile	README.md  src	tests
bin  LICENSE  Makefile	README.md  src	tests
bin  LICENSE  Makefile	README.md  src	tests
bin  LICENSE  Makefile	README.md  src	tests
bin  LICENSE  Makefile	README.md  src	tests
bin  LICENSE  Makefile	README.md  src	tests
bin  LICENSE  Makefile	README.md  src	tests
bin  LICENSE  Makefile	README.md  src	tests
bin  LICENSE  Makefile	README.md  src	tests
bin  LICENSE  Makefile	README.md  src	tests
bin  LICENSE  Makefile	README.md  src	tests
bin  LICENSE  Makefile	README.md  src	tests
bin  LICENSE  Makefile	README.md  src	tests
bin  LICENSE  Makefile	README.md  src	tests
bin  LICENSE  Makefile	README.md  src	tests
bin  LICENSE  Makefile	README.md  src	tests
bin  LICENSE  Makefile	README.md  src	tests
bin  LICENSE  Makefile	README.md  src	tests
bin  LICENSE  Makefile	README.md  src	tests
bin  LICENSE  Makefile	README.md  src	tests
bin  LICENSE  Makefile	README.md  src	tests
bin  LICENSE  Makefile	README.md  src	tests
bin  LICENSE  Makefile	README.md  src	tests
bin  LICENSE  Makefile	README.md  src	tests
tzick002@hammer $ asdfasdredfd #invalid command
Exec failed: No such file or directory
tzick002@hammer $ dddddfffffffffffffffffffffffffffffffddddddddddddddddddddddddddddddddddddddddddddddddddddddddddddddddddddddddddddddddddddddddddddddddddddddddddddddddddddddddddddddddddddddddddddddddddddddddddddddddddddddddddddddddddddddddddddddddddddddddddddddddddddddddddddddddddddddddddddddddddddddddddddddddddddddddddddddddd #very long invalid command
Exec failed: File name too long
tzick002@hammer $ 
tzick002@hammer $ #start testing string      connectors && and ||
tzick002@hammer $ false&&ls
tzick002@hammer $ false && ls
tzick002@hammer $ true && ls
bin  LICENSE  Makefile	README.md  src	tests
tzick002@hammer $ true&&ls
bin  LICENSE  Makefile	README.md  src	tests
tzick002@hammer $ false||ls
bin  LICENSE  Makefile	README.md  src	tests
tzick002@hammer $ false || ls
bin  LICENSE  Makefile	README.md  src	tests
tzick002@hammer $ ture   rue || ls
tzick002@hammer $ #now multiple connectors on sinl gle line
tzick002@hammer $ true && false   && echo hi
tzick002@hammer $ echo hi && echo bye || echo h hi
hi
bye
tzick002@hammer $ echo 1 && echo 2 || echo 3 || echo 4 || echo 5 && echo 6
1
2
6
tzick002@hammer $ echo 1 || echo 2 || echo 3 && echo 4 && echo 5 || echo 6
1
4
5
tzick002@hammer $ echo 1 || echo 2 && echo 3 || echo 4 && echo 5 || echo 6 && echo 7
1
3
5
7
tzick002@hammer $ #connectors at front and back are accounted for and igr nored
tzick002@hammer $ && echo hi
hi
tzick002@hammer $ echo hi &&;
hi
tzick002@hammer $ echo hi &&; echo test
hi
test
tzick002@hammer $ #extra connectors
tzick002@hammer $ echo hi && echo test && && echo test 2
hi
test
test 2
tzick002@hammer $ #extra connectors are ignored
tzick002@hammer $ echo hi || || echo bye
hi
tzick002@hammer $ #end of file, ctrl-d test
tzick002@hammer $ exiting
~/Documents/rshell
tzick002@hammer $ bin/rshell
tzick002@hammer $ #end of file character exits program with prompting message
tzick002@hammer $ #finally, we will test the exit functionality of rshell
tzick002@hammer $ #exit on its own line
tzick002@hammer $ exit
~/Documents/rshell
tzick002@hammer $ bin/rshell
tzick002@hammer $ #exit after commands (won't work unless sp  properly separated by connector)
tzick002@hammer $ ls exit
ls: cannot access exit: No such file or directory
tzick002@hammer $ false && exit
tzick002@hammer $ #exit in many commands on single line
tzick002@hammer $ ls; pwe d; ls -a; echo test; echo goodbye; exit; ls; echo nothing else will execute;; ;; #goo   d done, testing complete
bin  LICENSE  Makefile	README.md  src	tests
/home/csmajs/tzick002/Documents/rshell
.  ..  bin  .git  LICENSE  Makefile  README.md	src  tests
test
goodbye
~/Documents/rshell
tzick002@hammer $ exit
exit

Script done on Tue 27 Jan 2015 09:37:05 PM PST
