Script started on Sun 22 Feb 2015 05:34:06 PM PST
~
tzick002@hammer $ cd Documents/rshell/
~/Documents/rshell
tzick002@hammer $ make
if [ ! -d bin ]; then mkdir bin; fi
g++ -g -ansi -pedantic -Wall -Werror src/main.cpp -o bin/rshell
g++ -g -ansi -pedantic -Wall -Werror src/ls.cpp -o bin/ls
g++ -g -ansi -pedantic -Wall -Werror src/cp.cpp -o bin/cp
~/Documents/rshell
tzick002@hammer $ bat bin/rshell tfile 500000
*********
* tfile *
*********
================================================================================
tzick002@hammer $ #starting input testing:
tzick002@hammer $ #output and input redirection
tzick002@hammer $ echo this is a test file > tf
tzick002@hammer $ cat < tf
this is a test file
tzick002@hammer $ cat      <     tf #random spaces
this is a test file
tzick002@hammer $ cat                          <              tf
this is a test file
tzick002@hammer $ cat<tf1#no spaces at all
lets go
tzick002@hammer $ cat				<		tf #tabs
this is a test file
tzick002@hammer $ pwd > tf
tzick002@hammer $ cat < tf
/home/csmajs/tzick002/Documents/rshell
tzick002@hammer $ pwd            >     tf#output with spaces
tzick002@hammer $ cat < tf
/home/csmajs/tzick002/Documents/rshell
tzick002@hammer $ pwd				> 		tf#tabs (and) spaces
tzick002@hammer $ ls -al > tf
tzick002@hammer $ cat < tf
total 96
drwx------ 6 tzick002 csmajs  4096 Feb 22 17:30 .
drwx------ 7 tzick002 csmajs  4096 Feb 22 14:02 ..
-rwx------ 1 tzick002 csmajs  8195 Feb 22 17:15 a.out
drwx------ 2 tzick002 csmajs  4096 Feb 22 17:30 bin
-rwx------ 1 tzick002 csmajs    24 Feb 22 17:13 file
drwx------ 8 tzick002 csmajs  4096 Feb 22 13:49 .git
-rw------- 1 tzick002 csmajs    58 Feb 18 15:15 hex.cpp
-rw------- 1 tzick002 csmajs 35122 Jan 16 16:30 LICENSE
-rw------- 1 tzick002 csmajs   443 Feb 14 13:07 Makefile
-rwx------ 1 tzick002 csmajs   109 Feb 22 17:13 newfile
-rw------- 1 tzick002 csmajs    79 Feb 18 21:20 p.cpp
-rw------- 1 tzick002 csmajs     0 Feb 22 17:30 piping.script
-rw------- 1 tzick002 csmajs  2279 Feb 22 17:01 README.md
drwx------ 3 tzick002 csmajs  4096 Feb 22 14:44 src
drwx------ 3 tzick002 csmajs  4096 Feb 22 17:29 tests
-rwx------ 1 tzick002 csmajs     0 Feb 22 17:30 tf
-rwx------ 1 tzick002 csmajs     8 Feb 22 17:12 tf1
-rwx------ 1 tzick002 csmajs     0 Feb 22 17:15 tf2
-rw------- 1 tzick002 csmajs  2477 Feb 22 17:29 tfile
-rw------- 1 tzick002 csmajs    86 Feb 22 16:38 vex.cpp
tzick002@hammer $ pwd < tf
/home/csmajs/tzick002/Documents/rshell
tzick002@hammer $ echo string1 here > tf
tzick002@hammer $ cat < tf
string1 here
tzick002@hammer $ echo string 2 here >> tf
tzick002@hammer $ cat < tf
string1 here
string 2 here
tzick002@hammer $ echo more appending ftw >> tf
tzick002@hammer $ cat < tf
string1 here
string 2 here
more appending ftw
tzick002@hammer $ ls -l > tf && cat < tf && echo results of ls -l above >> tf && cat < tf
total 84
-rwx------ 1 tzick002 csmajs  8195 Feb 22 17:15 a.out
drwx------ 2 tzick002 csmajs  4096 Feb 22 17:30 bin
-rwx------ 1 tzick002 csmajs    24 Feb 22 17:13 file
-rw------- 1 tzick002 csmajs    58 Feb 18 15:15 hex.cpp
-rw------- 1 tzick002 csmajs 35122 Jan 16 16:30 LICENSE
-rw------- 1 tzick002 csmajs   443 Feb 14 13:07 Makefile
-rwx------ 1 tzick002 csmajs   109 Feb 22 17:13 newfile
-rw------- 1 tzick002 csmajs    79 Feb 18 21:20 p.cpp
-rw------- 1 tzick002 csmajs     0 Feb 22 17:30 piping.script
-rw------- 1 tzick002 csmajs  2279 Feb 22 17:01 README.md
drwx------ 3 tzick002 csmajs  4096 Feb 22 14:44 src
drwx------ 3 tzick002 csmajs  4096 Feb 22 17:29 tests
-rwx------ 1 tzick002 csmajs     0 Feb 22 17:30 tf
-rwx------ 1 tzick002 csmajs     8 Feb 22 17:12 tf1
-rwx------ 1 tzick002 csmajs     0 Feb 22 17:15 tf2
-rw------- 1 tzick002 csmajs  2477 Feb 22 17:29 tfile
-rw------- 1 tzick002 csmajs    86 Feb 22 16:38 vex.cpp
total 84
-rwx------ 1 tzick002 csmajs  8195 Feb 22 17:15 a.out
drwx------ 2 tzick002 csmajs  4096 Feb 22 17:30 bin
-rwx------ 1 tzick002 csmajs    24 Feb 22 17:13 file
-rw------- 1 tzick002 csmajs    58 Feb 18 15:15 hex.cpp
-rw------- 1 tzick002 csmajs 35122 Jan 16 16:30 LICENSE
-rw------- 1 tzick002 csmajs   443 Feb 14 13:07 Makefile
-rwx------ 1 tzick002 csmajs   109 Feb 22 17:13 newfile
-rw------- 1 tzick002 csmajs    79 Feb 18 21:20 p.cpp
-rw------- 1 tzick002 csmajs     0 Feb 22 17:30 piping.script
-rw------- 1 tzick002 csmajs  2279 Feb 22 17:01 README.md
drwx------ 3 tzick002 csmajs  4096 Feb 22 14:44 src
drwx------ 3 tzick002 csmajs  4096 Feb 22 17:29 tests
-rwx------ 1 tzick002 csmajs     0 Feb 22 17:30 tf
-rwx------ 1 tzick002 csmajs     8 Feb 22 17:12 tf1
-rwx------ 1 tzick002 csmajs     0 Feb 22 17:15 tf2
-rw------- 1 tzick002 csmajs  2477 Feb 22 17:29 tfile
-rw------- 1 tzick002 csmajs    86 Feb 22 16:38 vex.cpp
results of ls -l above
tzick002@hammer $ echo hi there > tf && cat < tf || echo test
hi there
tzick002@hammer $ echo lets append >> tf; cat < tf; echo more and more >> tf; cat < tf
hi there
lets append
hi there
lets append
more and more
tzick002@hammer $ echo good to go >> tf; cat < tf
hi there
lets append
more and more
good to go
tzick002@hammer $ 
tzick002@hammer $ #ls has no results with redirecion
tzick002@hammer $ ls < tf
a.out  bin  file  hex.cpp  LICENSE  Makefile  newfile  p.cpp  piping.script  README.md	src  tests  tf	tf1  tf2  tfile  vex.cpp
tzick002@hammer $ ls > tf
tzick002@hammer $ cat < tf
a.out
bin
file
hex.cpp
LICENSE
Makefile
newfile
p.cpp
piping.script
README.md
src
tests
tf
tf1
tf2
tfile
vex.cpp
tzick002@hammer $ 
tzick002@hammer $ #demo overwrite contents with >
tzick002@hammer $ echo this replaced the above > tf && cat < tf
this replaced the above
tzick002@hammer $ echo Im gonna be erased! > tf
tzick002@hammer $ cat < tf
Im gonna be erased!
tzick002@hammer $ echo I erased you ! > tf
tzick002@hammer $ cat < tf
I erased you !
tzick002@hammer $ 
tzick002@hammer $ #demo append
tzick002@hammer $ echo this appended to above >> tf && cat < tf
I erased you !
this appended to above
tzick002@hammer $ echo hi also appended >> tf && cat < tf
I erased you !
this appended to above
hi also appended
tzick002@hammer $ echo file 1! > tf && echo this if file 2! > tf2
tzick002@hammer $ cat < tf >> tf2 && cat < tf2
this if file 2!
file 1!
tzick002@hammer $ echo lets make > tf && echo a complete >> tf && echo sentence guys! >> tf
tzick002@hammer $ cat < tf
lets make
a complete
sentence guys!
tzick002@hammer $ 
tzick002@hammer $ #testing < and > (and reverse) in same line
tzick002@hammer $ cat < tf > tf2 && cat < tf
lets make
a complete
sentence guys!
tzick002@hammer $ echo this will go here > tf2 < tf
tzick002@hammer $ cat < tf2
this will go here
tzick002@hammer $ g++ p.cpp
tzick002@hammer $ a.out > tf
tzick002@hammer $ cat < tf > tf2 && cat < tf2
HI
tzick002@hammer $ echo this is file1 > tf && echo this is file 2 > tf2
this is file
tzick002@hammer $ cat < tf > tf2 && cat < tf && cat < tf2
this is file1
this is file1
tzick002@hammer $ cat <  > tf2
Open Error: No such file or directory
tzick002@hammer $ pwd  > < tf > tf2
Open Error: No such file or directory
Error: Only one ouput allowed. Only first was executed.
tzick002@hammer $ pwd > tf < tf2
tzick002@hammer $ cat < tf
/home/csmajs/tzick002/Documents/rshell
tzick002@hammer $ pwd >> tf && cat < tf
/home/csmajs/tzick002/Documents/rshell
/home/csmajs/tzick002/Documents/rshell
tzick002@hammer $ 
tzick002@hammer $ #multiple inputs or multiple outputs will error.  Only one of each allowed
tzick002@hammer $ echo hi there > tf > tf2
Error: Only one output allowed. Only first was executed.
tzick002@hammer $ echo hi there > tf >> tf2
Error: Only one output allowed. Only first was executed.
tzick002@hammer $ echo file 1 > tf && echo file2 > tf2
tzick002@hammer $ cat < tf < tf2
file
Error: Only one input allowed. Only first was executed.
tzick002@hammer $ cat < tf2 < tf
file2
Error: Only one input allowed. Only first was executed.
tzick002@hammer $ 
tzick002@hammer $ #piping does not work :(
tzick002@hammer $ pwd | grep
pwd: ignoring non-option arguments
/home/csmajs/tzick002/Documents/rshell
tzick002@hammer $ ls | grep
ls: cannot access |: No such file or directory
ls: cannot access grep: No such file or directory
tzick002@hammer $ 
tzick002@hammer $ #testing extra credit: <<<
tzick002@hammer $ cat<<<"test with quotes!"
test with quotes!
tzick002@hammer $ cat     <<<      "test with quotes and spaces!"
test with quotes and spaces!
tzick002@hammer $ cat <<< no quotes here!
no quotes here! 
tzick002@hammer $ cat       <<<      no quotes or spaces
no quotes or spaces 
tzick002@hammer $ cat <<< extra credit rocks!
extra credit rocks! 
tzick002@hammer $ cat       <<<    "extra credit rocks!!!!"
extra credit rocks!!!!
tzick002@hammer $ cat <<< lets go > tf1
tzick002@hammer $ cat < tf1
lets go
tzick002@hammer $ cat <<< im going in tf1!
im going in tf1! 
tzick002@hammer $ cat < tf1
lets go
tzick002@hammer $ 
tzick002@hammer $ #testing extra credit: #>
tzick002@hammer $ ls 0> newfile
a.out  bin  file  hex.cpp  LICENSE  Makefile  newfile  p.cpp  piping.script  README.md	src  tests  tf	tf1  tf2  tfile  vex.cpp
tzick002@hammer $ cat < newfile
tzick002@hammer $ ls         0>     newerfile
Open Error: No such file or directory
tzick002@hammer $ cat < newerfile
Open Error: No such file or directory
tzick002@hammer $ ls -a 1> newfile
tzick002@hammer $ cat < newfile
.
..
a.out
bin
file
.git
hex.cpp
LICENSE
Makefile
newfile
p.cpp
piping.script
README.md
src
tests
tf
tf1
tf2
tfile
vex.cpp
tzick002@hammer $ ls -la 2>file
total 96
drwx------ 6 tzick002 csmajs  4096 Feb 22 17:30 .
drwx------ 7 tzick002 csmajs  4096 Feb 22 14:02 ..
-rwx------ 1 tzick002 csmajs  8195 Feb 22 17:30 a.out
drwx------ 2 tzick002 csmajs  4096 Feb 22 17:30 bin
-rwx------ 1 tzick002 csmajs     0 Feb 22 17:31 file
drwx------ 8 tzick002 csmajs  4096 Feb 22 13:49 .git
-rw------- 1 tzick002 csmajs    58 Feb 18 15:15 hex.cpp
-rw------- 1 tzick002 csmajs 35122 Jan 16 16:30 LICENSE
-rw------- 1 tzick002 csmajs   443 Feb 14 13:07 Makefile
-rwx------ 1 tzick002 csmajs   123 Feb 22 17:31 newfile
-rw------- 1 tzick002 csmajs    79 Feb 18 21:20 p.cpp
-rw------- 1 tzick002 csmajs     0 Feb 22 17:30 piping.script
-rw------- 1 tzick002 csmajs  2279 Feb 22 17:01 README.md
drwx------ 3 tzick002 csmajs  4096 Feb 22 14:44 src
drwx------ 3 tzick002 csmajs  4096 Feb 22 17:29 tests
-rwx------ 1 tzick002 csmajs     5 Feb 22 17:31 tf
-rwx------ 1 tzick002 csmajs     8 Feb 22 17:31 tf1
-rwx------ 1 tzick002 csmajs     6 Feb 22 17:31 tf2
-rw------- 1 tzick002 csmajs  2477 Feb 22 17:29 tfile
-rw------- 1 tzick002 csmajs    86 Feb 22 16:38 vex.cpp
tzick002@hammer $ cat < file
tzick002@hammer $ g++ hex.cpp 2> file
tzick002@hammer $ cat < file
hex.cpp: In function ‘int main()’:
hex.cpp:4: error: ‘cout’ was not declared in this scope
hex.cpp:4: error: ‘endl’ was not declared in this scope
tzick002@hammer $ g++ vex.cpp 2> file
tzick002@hammer $ cat < file
vex.cpp: In function ‘int main()’:
vex.cpp:3: error: ‘cout’ was not declared in this scope
vex.cpp:3: error: ‘a’ was not declared in this scope
vex.cpp:5: error: expected ‘;’ before ‘strlen’
tzick002@hammer $ g++ hex.cpp 2>> file
tzick002@hammer $ cat < file
vex.cpp: In function ‘int main()’:
vex.cpp:3: error: ‘cout’ was not declared in this scope
vex.cpp:3: error: ‘a’ was not declared in this scope
vex.cpp:5: error: expected ‘;’ before ‘strlen’
hex.cpp: In function ‘int main()’:
hex.cpp:4: error: ‘cout’ was not declared in this scope
hex.cpp:4: error: ‘endl’ was not declared in this scope
tzick002@hammer $ cat <<< lets go file! 1> file
tzick002@hammer $ cat < file
lets go file!
tzick002@hammer $ ls -a 2> file
.   a.out  file  hex.cpp  Makefile  p.cpp	   README.md  tests  tf1  tfile
..  bin    .git  LICENSE  newfile   piping.script  src	      tf     tf2  vex.cpp
tzick002@hammer $ cat < file
tzick002@hammer $ echo im in this file > file
tzick002@hammer $ echo me too! 1>> file && cat < file
im in this file
me too!
tzick002@hammer $ pwd  0>> file
/home/csmajs/tzick002/Documents/rshell
tzick002@hammer $ cat < file
im in this file
me too!
tzick002@hammer $ pwd 2 >> file
/home/csmajs/tzick002/Documents/rshell
tzick002@hammer $ cat < file
im in this file
me too!
tzick002@hammer $ 
tzick002@hammer $ #finished testing
tzick002@hammer $ exit

================================================================================
~/Documents/rshell
tzick002@hammer $ exit'[K
exit

Script done on Sun 22 Feb 2015 05:35:34 PM PST
